app/confirmation/[id]/page.tsx(5,43): error TS2307: Cannot find module '@/types' or its corresponding type declarations.
app/confirmation/[id]/page.tsx(42,13): error TS17004: Cannot use JSX unless the '--jsx' flag is provided.
app/confirmation/[id]/page.tsx(43,17): error TS17004: Cannot use JSX unless the '--jsx' flag is provided.
app/confirmation/[id]/page.tsx(43,48): error TS17004: Cannot use JSX unless the '--jsx' flag is provided.
app/confirmation/[id]/page.tsx(43,67): error TS17004: Cannot use JSX unless the '--jsx' flag is provided.
app/confirmation/[id]/page.tsx(43,87): error TS17004: Cannot use JSX unless the '--jsx' flag is provided.
app/confirmation/[id]/page.tsx(43,119): error TS17004: Cannot use JSX unless the '--jsx' flag is provided.
app/confirmation/[id]/page.tsx(43,153): error TS17004: Cannot use JSX unless the '--jsx' flag is provided.
app/confirmation/[id]/page.tsx(43,172): error TS17004: Cannot use JSX unless the '--jsx' flag is provided.
app/confirmation/[id]/page.tsx(43,192): error TS17004: Cannot use JSX unless the '--jsx' flag is provided.
app/confirmation/[id]/page.tsx(43,225): error TS17004: Cannot use JSX unless the '--jsx' flag is provided.
app/confirmation/[id]/page.tsx(49,13): error TS17004: Cannot use JSX unless the '--jsx' flag is provided.
app/confirmation/[id]/page.tsx(50,17): error TS17004: Cannot use JSX unless the '--jsx' flag is provided.
app/confirmation/[id]/page.tsx(50,85): error TS17004: Cannot use JSX unless the '--jsx' flag is provided.
app/confirmation/[id]/page.tsx(50,105): error TS17004: Cannot use JSX unless the '--jsx' flag is provided.
app/confirmation/[id]/page.tsx(50,124): error TS17004: Cannot use JSX unless the '--jsx' flag is provided.
app/confirmation/[id]/page.tsx(56,13): error TS17004: Cannot use JSX unless the '--jsx' flag is provided.
app/confirmation/[id]/page.tsx(57,17): error TS17004: Cannot use JSX unless the '--jsx' flag is provided.
app/confirmation/[id]/page.tsx(57,85): error TS17004: Cannot use JSX unless the '--jsx' flag is provided.
app/confirmation/[id]/page.tsx(57,106): error TS17004: Cannot use JSX unless the '--jsx' flag is provided.
app/confirmation/[id]/page.tsx(57,127): error TS17004: Cannot use JSX unless the '--jsx' flag is provided.
app/confirmation/[id]/page.tsx(57,149): error TS17004: Cannot use JSX unless the '--jsx' flag is provided.
app/confirmation/[id]/page.tsx(57,171): error TS17004: Cannot use JSX unless the '--jsx' flag is provided.
app/confirmation/[id]/page.tsx(57,193): error TS17004: Cannot use JSX unless the '--jsx' flag is provided.
app/confirmation/[id]/page.tsx(63,13): error TS17004: Cannot use JSX unless the '--jsx' flag is provided.
app/confirmation/[id]/page.tsx(64,17): error TS17004: Cannot use JSX unless the '--jsx' flag is provided.
app/confirmation/[id]/page.tsx(64,85): error TS17004: Cannot use JSX unless the '--jsx' flag is provided.
app/confirmation/[id]/page.tsx(70,13): error TS17004: Cannot use JSX unless the '--jsx' flag is provided.
app/confirmation/[id]/page.tsx(71,17): error TS17004: Cannot use JSX unless the '--jsx' flag is provided.
app/confirmation/[id]/page.tsx(71,38): error TS17004: Cannot use JSX unless the '--jsx' flag is provided.
app/confirmation/[id]/page.tsx(78,9): error TS17004: Cannot use JSX unless the '--jsx' flag is provided.
app/confirmation/[id]/page.tsx(79,13): error TS17004: Cannot use JSX unless the '--jsx' flag is provided.
app/confirmation/[id]/page.tsx(79,34): error TS17004: Cannot use JSX unless the '--jsx' flag is provided.
app/confirmation/[id]/page.tsx(85,5): error TS17004: Cannot use JSX unless the '--jsx' flag is provided.
app/confirmation/[id]/page.tsx(86,9): error TS17004: Cannot use JSX unless the '--jsx' flag is provided.
app/confirmation/[id]/page.tsx(87,13): error TS17004: Cannot use JSX unless the '--jsx' flag is provided.
app/confirmation/[id]/page.tsx(88,13): error TS17004: Cannot use JSX unless the '--jsx' flag is provided.
app/confirmation/[id]/page.tsx(89,17): error TS17004: Cannot use JSX unless the '--jsx' flag is provided.
app/confirmation/[id]/page.tsx(92,9): error TS17004: Cannot use JSX unless the '--jsx' flag is provided.
app/confirmation/[id]/page.tsx(97,5): error TS17004: Cannot use JSX unless the '--jsx' flag is provided.
app/confirmation/[id]/page.tsx(98,9): error TS17004: Cannot use JSX unless the '--jsx' flag is provided.
app/confirmation/[id]/page.tsx(99,13): error TS17004: Cannot use JSX unless the '--jsx' flag is provided.
app/confirmation/[id]/page.tsx(100,13): error TS17004: Cannot use JSX unless the '--jsx' flag is provided.
app/confirmation/[id]/page.tsx(101,17): error TS17004: Cannot use JSX unless the '--jsx' flag is provided.
app/confirmation/[id]/page.tsx(104,9): error TS17004: Cannot use JSX unless the '--jsx' flag is provided.
app/confirmation/[id]/page.tsx(113,13): error TS17004: Cannot use JSX unless the '--jsx' flag is provided.
app/confirmation/[id]/page.tsx(115,17): error TS17004: Cannot use JSX unless the '--jsx' flag is provided.
app/confirmation/[id]/page.tsx(138,9): error TS17004: Cannot use JSX unless the '--jsx' flag is provided.
app/confirmation/[id]/page.tsx(139,13): error TS17004: Cannot use JSX unless the '--jsx' flag is provided.
app/confirmation/[id]/page.tsx(140,17): error TS17004: Cannot use JSX unless the '--jsx' flag is provided.
app/confirmation/[id]/page.tsx(141,17): error TS17004: Cannot use JSX unless the '--jsx' flag is provided.
app/confirmation/[id]/page.tsx(142,21): error TS17004: Cannot use JSX unless the '--jsx' flag is provided.
app/confirmation/[id]/page.tsx(143,25): error TS17004: Cannot use JSX unless the '--jsx' flag is provided.
app/confirmation/[id]/page.tsx(147,24): error TS17004: Cannot use JSX unless the '--jsx' flag is provided.
app/confirmation/[id]/page.tsx(167,9): error TS17004: Cannot use JSX unless the '--jsx' flag is provided.
app/confirmation/[id]/page.tsx(169,13): error TS17004: Cannot use JSX unless the '--jsx' flag is provided.
app/confirmation/[id]/page.tsx(170,17): error TS17004: Cannot use JSX unless the '--jsx' flag is provided.
app/confirmation/[id]/page.tsx(182,25): error TS17004: Cannot use JSX unless the '--jsx' flag is provided.
app/confirmation/[id]/page.tsx(183,29): error TS17004: Cannot use JSX unless the '--jsx' flag is provided.
app/confirmation/[id]/page.tsx(184,29): error TS17004: Cannot use JSX unless the '--jsx' flag is provided.
app/confirmation/[id]/page.tsx(189,17): error TS17004: Cannot use JSX unless the '--jsx' flag is provided.
app/confirmation/[id]/page.tsx(193,13): error TS17004: Cannot use JSX unless the '--jsx' flag is provided.
app/confirmation/[id]/page.tsx(194,17): error TS17004: Cannot use JSX unless the '--jsx' flag is provided.
app/confirmation/[id]/page.tsx(207,21): error TS17004: Cannot use JSX unless the '--jsx' flag is provided.
app/confirmation/[id]/page.tsx(208,36): error TS17004: Cannot use JSX unless the '--jsx' flag is provided.
app/confirmation/[id]/page.tsx(212,21): error TS17004: Cannot use JSX unless the '--jsx' flag is provided.
app/confirmation/[id]/page.tsx(213,25): error TS17004: Cannot use JSX unless the '--jsx' flag is provided.
app/confirmation/[id]/page.tsx(218,21): error TS17004: Cannot use JSX unless the '--jsx' flag is provided.
app/confirmation/[id]/page.tsx(219,25): error TS17004: Cannot use JSX unless the '--jsx' flag is provided.
app/confirmation/[id]/page.tsx(234,29): error TS17004: Cannot use JSX unless the '--jsx' flag is provided.
app/confirmation/[id]/page.tsx(248,33): error TS17004: Cannot use JSX unless the '--jsx' flag is provided.
app/confirmation/[id]/page.tsx(249,37): error TS17004: Cannot use JSX unless the '--jsx' flag is provided.
app/confirmation/[id]/page.tsx(326,9): error TS17004: Cannot use JSX unless the '--jsx' flag is provided.
app/confirmation/[id]/page.tsx(347,13): error TS17004: Cannot use JSX unless the '--jsx' flag is provided.
app/confirmation/[id]/page.tsx(365,17): error TS17004: Cannot use JSX unless the '--jsx' flag is provided.
app/confirmation/[id]/page.tsx(391,21): error TS17004: Cannot use JSX unless the '--jsx' flag is provided.
app/confirmation/[id]/page.tsx(392,25): error TS17004: Cannot use JSX unless the '--jsx' flag is provided.
app/confirmation/[id]/page.tsx(399,21): error TS17004: Cannot use JSX unless the '--jsx' flag is provided.
app/confirmation/[id]/page.tsx(401,29): error TS17004: Cannot use JSX unless the '--jsx' flag is provided.
app/confirmation/[id]/page.tsx(404,29): error TS17004: Cannot use JSX unless the '--jsx' flag is provided.
app/confirmation/[id]/page.tsx(405,33): error TS17004: Cannot use JSX unless the '--jsx' flag is provided.
app/confirmation/[id]/page.tsx(406,33): error TS17004: Cannot use JSX unless the '--jsx' flag is provided.
app/confirmation/[id]/page.tsx(407,33): error TS17004: Cannot use JSX unless the '--jsx' flag is provided.
app/confirmation/[id]/page.tsx(411,25): error TS17004: Cannot use JSX unless the '--jsx' flag is provided.
app/confirmation/[id]/page.tsx(434,21): error TS17004: Cannot use JSX unless the '--jsx' flag is provided.
app/confirmation/[id]/page.tsx(455,44): error TS2307: Cannot find module '@/lib/constants/travel-data' or its corresponding type declarations.
app/confirmation/[id]/page.tsx(532,79): error TS2339: Property 'name' does not exist on type 'unknown'.
app/confirmation/[id]/page.tsx(560,12): error TS17004: Cannot use JSX unless the '--jsx' flag is provided.
app/confirmation/[id]/page.tsx(633,9): error TS17004: Cannot use JSX unless the '--jsx' flag is provided.
app/confirmation/[id]/page.tsx(634,13): error TS17004: Cannot use JSX unless the '--jsx' flag is provided.
app/confirmation/[id]/page.tsx(642,27): error TS17004: Cannot use JSX unless the '--jsx' flag is provided.
app/confirmation/[id]/page.tsx(643,17): error TS17004: Cannot use JSX unless the '--jsx' flag is provided.
app/confirmation/[id]/page.tsx(646,21): error TS17004: Cannot use JSX unless the '--jsx' flag is provided.
app/confirmation/[id]/page.tsx(647,25): error TS17004: Cannot use JSX unless the '--jsx' flag is provided.
app/confirmation/[id]/page.tsx(648,37): error TS17004: Cannot use JSX unless the '--jsx' flag is provided.
app/confirmation/[id]/page.tsx(649,25): error TS17004: Cannot use JSX unless the '--jsx' flag is provided.
app/confirmation/[id]/page.tsx(652,29): error TS17004: Cannot use JSX unless the '--jsx' flag is provided.
app/confirmation/[id]/page.tsx(659,21): error TS17004: Cannot use JSX unless the '--jsx' flag is provided.
app/confirmation/[id]/page.tsx(661,29): error TS17004: Cannot use JSX unless the '--jsx' flag is provided.
app/confirmation/[id]/page.tsx(665,25): error TS17004: Cannot use JSX unless the '--jsx' flag is provided.
app/confirmation/[id]/page.tsx(667,33): error TS17004: Cannot use JSX unless the '--jsx' flag is provided.
app/confirmation/[id]/page.tsx(669,33): error TS17004: Cannot use JSX unless the '--jsx' flag is provided.
app/confirmation/[id]/page.tsx(673,29): error TS17004: Cannot use JSX unless the '--jsx' flag is provided.
app/confirmation/[id]/page.tsx(677,25): error TS17004: Cannot use JSX unless the '--jsx' flag is provided.
app/confirmation/[id]/page.tsx(678,29): error TS17004: Cannot use JSX unless the '--jsx' flag is provided.
app/confirmation/[id]/page.tsx(679,29): error TS17004: Cannot use JSX unless the '--jsx' flag is provided.
app/confirmation/[id]/page.tsx(680,29): error TS17004: Cannot use JSX unless the '--jsx' flag is provided.
app/confirmation/[id]/page.tsx(683,25): error TS17004: Cannot use JSX unless the '--jsx' flag is provided.
app/confirmation/[id]/page.tsx(689,21): error TS17004: Cannot use JSX unless the '--jsx' flag is provided.
app/confirmation/[id]/page.tsx(690,25): error TS17004: Cannot use JSX unless the '--jsx' flag is provided.
app/confirmation/[id]/page.tsx(691,37): error TS17004: Cannot use JSX unless the '--jsx' flag is provided.
app/confirmation/[id]/page.tsx(692,25): error TS17004: Cannot use JSX unless the '--jsx' flag is provided.
app/confirmation/[id]/page.tsx(695,29): error TS17004: Cannot use JSX unless the '--jsx' flag is provided.
app/confirmation/[id]/page.tsx(878,13): error TS17004: Cannot use JSX unless the '--jsx' flag is provided.
app/confirmation/[id]/page.tsx(879,17): error TS17004: Cannot use JSX unless the '--jsx' flag is provided.
app/confirmation/[id]/page.tsx(886,13): error TS17004: Cannot use JSX unless the '--jsx' flag is provided.
app/confirmation/[id]/page.tsx(887,17): error TS17004: Cannot use JSX unless the '--jsx' flag is provided.
app/confirmation/[id]/page.tsx(888,21): error TS17004: Cannot use JSX unless the '--jsx' flag is provided.
app/confirmation/[id]/page.tsx(889,21): error TS17004: Cannot use JSX unless the '--jsx' flag is provided.
app/confirmation/[id]/page.tsx(891,17): error TS17004: Cannot use JSX unless the '--jsx' flag is provided.
app/confirmation/[id]/page.tsx(902,9): error TS17004: Cannot use JSX unless the '--jsx' flag is provided.
app/confirmation/[id]/page.tsx(904,13): error TS17004: Cannot use JSX unless the '--jsx' flag is provided.
app/confirmation/[id]/page.tsx(905,17): error TS17004: Cannot use JSX unless the '--jsx' flag is provided.
app/confirmation/[id]/page.tsx(906,17): error TS17004: Cannot use JSX unless the '--jsx' flag is provided.
app/confirmation/[id]/page.tsx(907,17): error TS17004: Cannot use JSX unless the '--jsx' flag is provided.
app/confirmation/[id]/page.tsx(908,17): error TS17004: Cannot use JSX unless the '--jsx' flag is provided.
app/confirmation/[id]/page.tsx(909,21): error TS17004: Cannot use JSX unless the '--jsx' flag is provided.
app/confirmation/[id]/page.tsx(915,13): error TS17004: Cannot use JSX unless the '--jsx' flag is provided.
app/confirmation/[id]/page.tsx(917,21): error TS17004: Cannot use JSX unless the '--jsx' flag is provided.
app/confirmation/[id]/page.tsx(922,25): error TS17004: Cannot use JSX unless the '--jsx' flag is provided.
app/confirmation/[id]/page.tsx(924,29): error TS17004: Cannot use JSX unless the '--jsx' flag is provided.
app/confirmation/[id]/page.tsx(930,13): error TS17004: Cannot use JSX unless the '--jsx' flag is provided.
app/confirmation/[id]/page.tsx(934,21): error TS17004: Cannot use JSX unless the '--jsx' flag is provided.
app/confirmation/[id]/page.tsx(936,25): error TS17004: Cannot use JSX unless the '--jsx' flag is provided.
app/confirmation/[id]/page.tsx(937,29): error TS17004: Cannot use JSX unless the '--jsx' flag is provided.
app/confirmation/[id]/page.tsx(938,33): error TS17004: Cannot use JSX unless the '--jsx' flag is provided.
app/confirmation/[id]/page.tsx(938,201): error TS17004: Cannot use JSX unless the '--jsx' flag is provided.
app/confirmation/[id]/page.tsx(938,277): error TS17004: Cannot use JSX unless the '--jsx' flag is provided.
app/confirmation/[id]/page.tsx(938,322): error TS17004: Cannot use JSX unless the '--jsx' flag is provided.
app/confirmation/[id]/page.tsx(938,366): error TS17004: Cannot use JSX unless the '--jsx' flag is provided.
app/confirmation/[id]/page.tsx(938,410): error TS17004: Cannot use JSX unless the '--jsx' flag is provided.
app/confirmation/[id]/page.tsx(940,29): error TS17004: Cannot use JSX unless the '--jsx' flag is provided.
app/confirmation/[id]/page.tsx(941,33): error TS17004: Cannot use JSX unless the '--jsx' flag is provided.
app/confirmation/[id]/page.tsx(942,37): error TS17004: Cannot use JSX unless the '--jsx' flag is provided.
app/confirmation/[id]/page.tsx(943,37): error TS17004: Cannot use JSX unless the '--jsx' flag is provided.
app/confirmation/[id]/page.tsx(945,33): error TS17004: Cannot use JSX unless the '--jsx' flag is provided.
app/confirmation/[id]/page.tsx(946,37): error TS17004: Cannot use JSX unless the '--jsx' flag is provided.
app/confirmation/[id]/page.tsx(947,37): error TS17004: Cannot use JSX unless the '--jsx' flag is provided.
app/confirmation/[id]/page.tsx(949,33): error TS17004: Cannot use JSX unless the '--jsx' flag is provided.
app/confirmation/[id]/page.tsx(950,37): error TS17004: Cannot use JSX unless the '--jsx' flag is provided.
app/confirmation/[id]/page.tsx(951,37): error TS17004: Cannot use JSX unless the '--jsx' flag is provided.
app/confirmation/[id]/page.tsx(953,33): error TS17004: Cannot use JSX unless the '--jsx' flag is provided.
app/confirmation/[id]/page.tsx(954,37): error TS17004: Cannot use JSX unless the '--jsx' flag is provided.
app/confirmation/[id]/page.tsx(955,37): error TS17004: Cannot use JSX unless the '--jsx' flag is provided.
app/confirmation/[id]/page.tsx(963,33): error TS17004: Cannot use JSX unless the '--jsx' flag is provided.
app/confirmation/[id]/page.tsx(964,37): error TS17004: Cannot use JSX unless the '--jsx' flag is provided.
app/confirmation/[id]/page.tsx(965,37): error TS17004: Cannot use JSX unless the '--jsx' flag is provided.
app/confirmation/[id]/page.tsx(967,50): error TS17004: Cannot use JSX unless the '--jsx' flag is provided.
app/confirmation/[id]/page.tsx(970,33): error TS17004: Cannot use JSX unless the '--jsx' flag is provided.
app/confirmation/[id]/page.tsx(971,37): error TS17004: Cannot use JSX unless the '--jsx' flag is provided.
app/confirmation/[id]/page.tsx(972,37): error TS17004: Cannot use JSX unless the '--jsx' flag is provided.
app/confirmation/[id]/page.tsx(975,37): error TS17004: Cannot use JSX unless the '--jsx' flag is provided.
app/confirmation/[id]/page.tsx(976,41): error TS17004: Cannot use JSX unless the '--jsx' flag is provided.
app/confirmation/[id]/page.tsx(977,41): error TS17004: Cannot use JSX unless the '--jsx' flag is provided.
app/confirmation/[id]/page.tsx(984,33): error TS17004: Cannot use JSX unless the '--jsx' flag is provided.
app/confirmation/[id]/page.tsx(985,37): error TS17004: Cannot use JSX unless the '--jsx' flag is provided.
app/confirmation/[id]/page.tsx(987,41): error TS17004: Cannot use JSX unless the '--jsx' flag is provided.
app/confirmation/[id]/page.tsx(988,45): error TS17004: Cannot use JSX unless the '--jsx' flag is provided.
app/confirmation/[id]/page.tsx(989,45): error TS17004: Cannot use JSX unless the '--jsx' flag is provided.
app/confirmation/[id]/page.tsx(1000,29): error TS17004: Cannot use JSX unless the '--jsx' flag is provided.
app/confirmation/[id]/page.tsx(1001,33): error TS17004: Cannot use JSX unless the '--jsx' flag is provided.
app/confirmation/[id]/page.tsx(1002,37): error TS17004: Cannot use JSX unless the '--jsx' flag is provided.
app/confirmation/[id]/page.tsx(1002,205): error TS17004: Cannot use JSX unless the '--jsx' flag is provided.
app/confirmation/[id]/page.tsx(1004,33): error TS17004: Cannot use JSX unless the '--jsx' flag is provided.
app/confirmation/[id]/page.tsx(1006,41): error TS17004: Cannot use JSX unless the '--jsx' flag is provided.
app/confirmation/[id]/page.tsx(1021,41): error TS17004: Cannot use JSX unless the '--jsx' flag is provided.
app/confirmation/[id]/page.tsx(1041,29): error TS17004: Cannot use JSX unless the '--jsx' flag is provided.
app/confirmation/[id]/page.tsx(1043,40): error TS17004: Cannot use JSX unless the '--jsx' flag is provided.
app/confirmation/[id]/page.tsx(1043,42): error TS17004: Cannot use JSX unless the '--jsx' flag is provided.
app/confirmation/[id]/page.tsx(1043,210): error TS17004: Cannot use JSX unless the '--jsx' flag is provided.
app/confirmation/[id]/page.tsx(1043,272): error TS17004: Cannot use JSX unless the '--jsx' flag is provided.
app/confirmation/[id]/page.tsx(1047,33): error TS17004: Cannot use JSX unless the '--jsx' flag is provided.
app/confirmation/[id]/page.tsx(1048,37): error TS17004: Cannot use JSX unless the '--jsx' flag is provided.
app/confirmation/[id]/page.tsx(1049,41): error TS17004: Cannot use JSX unless the '--jsx' flag is provided.
app/confirmation/[id]/page.tsx(1050,45): error TS17004: Cannot use JSX unless the '--jsx' flag is provided.
app/confirmation/[id]/page.tsx(1050,183): error TS17004: Cannot use JSX unless the '--jsx' flag is provided.
app/confirmation/[id]/page.tsx(1050,245): error TS17004: Cannot use JSX unless the '--jsx' flag is provided.
app/confirmation/[id]/page.tsx(1052,41): error TS17004: Cannot use JSX unless the '--jsx' flag is provided.
app/confirmation/[id]/page.tsx(1053,41): error TS17004: Cannot use JSX unless the '--jsx' flag is provided.
app/confirmation/[id]/page.tsx(1061,41): error TS17004: Cannot use JSX unless the '--jsx' flag is provided.
app/confirmation/[id]/page.tsx(1063,37): error TS17004: Cannot use JSX unless the '--jsx' flag is provided.
app/confirmation/[id]/page.tsx(1064,41): error TS17004: Cannot use JSX unless the '--jsx' flag is provided.
app/confirmation/[id]/page.tsx(1065,45): error TS17004: Cannot use JSX unless the '--jsx' flag is provided.
app/confirmation/[id]/page.tsx(1066,49): error TS17004: Cannot use JSX unless the '--jsx' flag is provided.
app/confirmation/[id]/page.tsx(1067,49): error TS17004: Cannot use JSX unless the '--jsx' flag is provided.
app/confirmation/[id]/page.tsx(1070,41): error TS17004: Cannot use JSX unless the '--jsx' flag is provided.
app/confirmation/[id]/page.tsx(1071,41): error TS17004: Cannot use JSX unless the '--jsx' flag is provided.
app/confirmation/[id]/page.tsx(1079,41): error TS17004: Cannot use JSX unless the '--jsx' flag is provided.
app/confirmation/[id]/page.tsx(1083,37): error TS17004: Cannot use JSX unless the '--jsx' flag is provided.
app/confirmation/[id]/page.tsx(1085,45): error TS17004: Cannot use JSX unless the '--jsx' flag is provided.
app/confirmation/[id]/page.tsx(1086,49): error TS17004: Cannot use JSX unless the '--jsx' flag is provided.
app/confirmation/[id]/page.tsx(1086,248): error TS17004: Cannot use JSX unless the '--jsx' flag is provided.
app/confirmation/[id]/page.tsx(1086,288): error TS17004: Cannot use JSX unless the '--jsx' flag is provided.
app/confirmation/[id]/page.tsx(1086,332): error TS17004: Cannot use JSX unless the '--jsx' flag is provided.
app/confirmation/[id]/page.tsx(1097,29): error TS17004: Cannot use JSX unless the '--jsx' flag is provided.
app/confirmation/[id]/page.tsx(1099,40): error TS17004: Cannot use JSX unless the '--jsx' flag is provided.
app/confirmation/[id]/page.tsx(1099,42): error TS17004: Cannot use JSX unless the '--jsx' flag is provided.
app/confirmation/[id]/page.tsx(1099,210): error TS17004: Cannot use JSX unless the '--jsx' flag is provided.
app/confirmation/[id]/page.tsx(1099,252): error TS17004: Cannot use JSX unless the '--jsx' flag is provided.
app/confirmation/[id]/page.tsx(1099,314): error TS17004: Cannot use JSX unless the '--jsx' flag is provided.
app/confirmation/[id]/page.tsx(1099,342): error TS17004: Cannot use JSX unless the '--jsx' flag is provided.
app/confirmation/[id]/page.tsx(1099,370): error TS17004: Cannot use JSX unless the '--jsx' flag is provided.
app/confirmation/[id]/page.tsx(1099,398): error TS17004: Cannot use JSX unless the '--jsx' flag is provided.
app/confirmation/[id]/page.tsx(1099,425): error TS17004: Cannot use JSX unless the '--jsx' flag is provided.
app/confirmation/[id]/page.tsx(1099,456): error TS17004: Cannot use JSX unless the '--jsx' flag is provided.
app/confirmation/[id]/page.tsx(1099,543): error TS17004: Cannot use JSX unless the '--jsx' flag is provided.
app/confirmation/[id]/page.tsx(1099,633): error TS17004: Cannot use JSX unless the '--jsx' flag is provided.
app/confirmation/[id]/page.tsx(1099,661): error TS17004: Cannot use JSX unless the '--jsx' flag is provided.
app/confirmation/[id]/page.tsx(1103,33): error TS17004: Cannot use JSX unless the '--jsx' flag is provided.
app/confirmation/[id]/page.tsx(1105,41): error TS17004: Cannot use JSX unless the '--jsx' flag is provided.
app/confirmation/[id]/page.tsx(1108,49): error TS17004: Cannot use JSX unless the '--jsx' flag is provided.
app/confirmation/[id]/page.tsx(1116,45): error TS17004: Cannot use JSX unless the '--jsx' flag is provided.
app/confirmation/[id]/page.tsx(1117,49): error TS17004: Cannot use JSX unless the '--jsx' flag is provided.
app/confirmation/[id]/page.tsx(1120,49): error TS17004: Cannot use JSX unless the '--jsx' flag is provided.
app/confirmation/[id]/page.tsx(1121,64): error TS17004: Cannot use JSX unless the '--jsx' flag is provided.
app/confirmation/[id]/page.tsx(1122,68): error TS17004: Cannot use JSX unless the '--jsx' flag is provided.
app/confirmation/[id]/page.tsx(1124,67): error TS17004: Cannot use JSX unless the '--jsx' flag is provided.
app/confirmation/[id]/page.tsx(1136,21): error TS17004: Cannot use JSX unless the '--jsx' flag is provided.
app/confirmation/[id]/page.tsx(1139,29): error TS17004: Cannot use JSX unless the '--jsx' flag is provided.
app/confirmation/[id]/page.tsx(1140,33): error TS17004: Cannot use JSX unless the '--jsx' flag is provided.
app/confirmation/[id]/page.tsx(1141,33): error TS17004: Cannot use JSX unless the '--jsx' flag is provided.
app/confirmation/[id]/page.tsx(1143,41): error TS17004: Cannot use JSX unless the '--jsx' flag is provided.
app/confirmation/[id]/page.tsx(1145,49): error TS17004: Cannot use JSX unless the '--jsx' flag is provided.
app/confirmation/[id]/page.tsx(1151,45): error TS17004: Cannot use JSX unless the '--jsx' flag is provided.
app/confirmation/[id]/page.tsx(1152,49): error TS17004: Cannot use JSX unless the '--jsx' flag is provided.
app/confirmation/[id]/page.tsx(1153,63): error TS17004: Cannot use JSX unless the '--jsx' flag is provided.
app/confirmation/[id]/page.tsx(1154,49): error TS17004: Cannot use JSX unless the '--jsx' flag is provided.
app/confirmation/[id]/page.tsx(1155,67): error TS17004: Cannot use JSX unless the '--jsx' flag is provided.
app/confirmation/[id]/page.tsx(1156,68): error TS17004: Cannot use JSX unless the '--jsx' flag is provided.
app/confirmation/[id]/page.tsx(1159,45): error TS17004: Cannot use JSX unless the '--jsx' flag is provided.
app/confirmation/[id]/page.tsx(1168,29): error TS17004: Cannot use JSX unless the '--jsx' flag is provided.
app/confirmation/[id]/page.tsx(1169,33): error TS17004: Cannot use JSX unless the '--jsx' flag is provided.
app/confirmation/[id]/page.tsx(1170,37): error TS17004: Cannot use JSX unless the '--jsx' flag is provided.
app/confirmation/[id]/page.tsx(1172,33): error TS17004: Cannot use JSX unless the '--jsx' flag is provided.
app/confirmation/[id]/page.tsx(1176,45): error TS17004: Cannot use JSX unless the '--jsx' flag is provided.
app/confirmation/[id]/page.tsx(1177,49): error TS17004: Cannot use JSX unless the '--jsx' flag is provided.
app/confirmation/[id]/page.tsx(1178,53): error TS17004: Cannot use JSX unless the '--jsx' flag is provided.
app/confirmation/[id]/page.tsx(1180,70): error TS17004: Cannot use JSX unless the '--jsx' flag is provided.
app/confirmation/[id]/page.tsx(1182,67): error TS17004: Cannot use JSX unless the '--jsx' flag is provided.
app/confirmation/[id]/page.tsx(1183,53): error TS17004: Cannot use JSX unless the '--jsx' flag is provided.
app/confirmation/[id]/page.tsx(1187,53): error TS17004: Cannot use JSX unless the '--jsx' flag is provided.
app/confirmation/[id]/page.tsx(1188,57): error TS17004: Cannot use JSX unless the '--jsx' flag is provided.
app/confirmation/[id]/page.tsx(1189,57): error TS17004: Cannot use JSX unless the '--jsx' flag is provided.
app/confirmation/[id]/page.tsx(1191,65): error TS17004: Cannot use JSX unless the '--jsx' flag is provided.
app/confirmation/[id]/page.tsx(1193,73): error TS17004: Cannot use JSX unless the '--jsx' flag is provided.
app/confirmation/[id]/page.tsx(1197,65): error TS17004: Cannot use JSX unless the '--jsx' flag is provided.
app/confirmation/[id]/page.tsx(1208,77): error TS17004: Cannot use JSX unless the '--jsx' flag is provided.
app/confirmation/[id]/page.tsx(1209,81): error TS17004: Cannot use JSX unless the '--jsx' flag is provided.
app/confirmation/[id]/page.tsx(1210,81): error TS17004: Cannot use JSX unless the '--jsx' flag is provided.
app/confirmation/[id]/page.tsx(1211,85): error TS17004: Cannot use JSX unless the '--jsx' flag is provided.
app/confirmation/[id]/page.tsx(1218,65): error TS17004: Cannot use JSX unless the '--jsx' flag is provided.
app/confirmation/[id]/page.tsx(1223,57): error TS17004: Cannot use JSX unless the '--jsx' flag is provided.
app/confirmation/[id]/page.tsx(1225,65): error TS17004: Cannot use JSX unless the '--jsx' flag is provided.
app/confirmation/[id]/page.tsx(1226,69): error TS17004: Cannot use JSX unless the '--jsx' flag is provided.
app/confirmation/[id]/page.tsx(1227,73): error TS17004: Cannot use JSX unless the '--jsx' flag is provided.
app/confirmation/[id]/page.tsx(1227,213): error TS17004: Cannot use JSX unless the '--jsx' flag is provided.
app/confirmation/[id]/page.tsx(1227,232): error TS17004: Cannot use JSX unless the '--jsx' flag is provided.
app/confirmation/[id]/page.tsx(1227,268): error TS17004: Cannot use JSX unless the '--jsx' flag is provided.
app/confirmation/[id]/page.tsx(1227,288): error TS17004: Cannot use JSX unless the '--jsx' flag is provided.
app/confirmation/[id]/page.tsx(1229,69): error TS17004: Cannot use JSX unless the '--jsx' flag is provided.
app/confirmation/[id]/page.tsx(1230,73): error TS17004: Cannot use JSX unless the '--jsx' flag is provided.
app/confirmation/[id]/page.tsx(1231,73): error TS17004: Cannot use JSX unless the '--jsx' flag is provided.
app/confirmation/[id]/page.tsx(1236,65): error TS17004: Cannot use JSX unless the '--jsx' flag is provided.
app/confirmation/[id]/page.tsx(1237,69): error TS17004: Cannot use JSX unless the '--jsx' flag is provided.
app/confirmation/[id]/page.tsx(1238,73): error TS17004: Cannot use JSX unless the '--jsx' flag is provided.
app/confirmation/[id]/page.tsx(1238,213): error TS17004: Cannot use JSX unless the '--jsx' flag is provided.
app/confirmation/[id]/page.tsx(1238,263): error TS17004: Cannot use JSX unless the '--jsx' flag is provided.
app/confirmation/[id]/page.tsx(1238,282): error TS17004: Cannot use JSX unless the '--jsx' flag is provided.
app/confirmation/[id]/page.tsx(1240,69): error TS17004: Cannot use JSX unless the '--jsx' flag is provided.
app/confirmation/[id]/page.tsx(1241,73): error TS17004: Cannot use JSX unless the '--jsx' flag is provided.
app/confirmation/[id]/page.tsx(1242,73): error TS17004: Cannot use JSX unless the '--jsx' flag is provided.
app/confirmation/[id]/page.tsx(1243,134): error TS17004: Cannot use JSX unless the '--jsx' flag is provided.
app/confirmation/[id]/page.tsx(1244,126): error TS17004: Cannot use JSX unless the '--jsx' flag is provided.
app/confirmation/[id]/page.tsx(1245,128): error TS17004: Cannot use JSX unless the '--jsx' flag is provided.
app/confirmation/[id]/page.tsx(1246,241): error TS17004: Cannot use JSX unless the '--jsx' flag is provided.
app/confirmation/[id]/page.tsx(1252,65): error TS17004: Cannot use JSX unless the '--jsx' flag is provided.
app/confirmation/[id]/page.tsx(1253,69): error TS17004: Cannot use JSX unless the '--jsx' flag is provided.
app/confirmation/[id]/page.tsx(1254,73): error TS17004: Cannot use JSX unless the '--jsx' flag is provided.
app/confirmation/[id]/page.tsx(1254,213): error TS17004: Cannot use JSX unless the '--jsx' flag is provided.
app/confirmation/[id]/page.tsx(1254,231): error TS17004: Cannot use JSX unless the '--jsx' flag is provided.
app/confirmation/[id]/page.tsx(1254,250): error TS17004: Cannot use JSX unless the '--jsx' flag is provided.
app/confirmation/[id]/page.tsx(1254,272): error TS17004: Cannot use JSX unless the '--jsx' flag is provided.
app/confirmation/[id]/page.tsx(1254,389): error TS17004: Cannot use JSX unless the '--jsx' flag is provided.
app/confirmation/[id]/page.tsx(1254,419): error TS17004: Cannot use JSX unless the '--jsx' flag is provided.
app/confirmation/[id]/page.tsx(1256,69): error TS17004: Cannot use JSX unless the '--jsx' flag is provided.
app/confirmation/[id]/page.tsx(1257,73): error TS17004: Cannot use JSX unless the '--jsx' flag is provided.
app/confirmation/[id]/page.tsx(1258,73): error TS17004: Cannot use JSX unless the '--jsx' flag is provided.
app/confirmation/[id]/page.tsx(1266,65): error TS17004: Cannot use JSX unless the '--jsx' flag is provided.
app/confirmation/[id]/page.tsx(1268,73): error TS17004: Cannot use JSX unless the '--jsx' flag is provided.
app/confirmation/[id]/page.tsx(1269,77): error TS17004: Cannot use JSX unless the '--jsx' flag is provided.
app/confirmation/[id]/page.tsx(1287,21): error TS17004: Cannot use JSX unless the '--jsx' flag is provided.
app/confirmation/[id]/page.tsx(1288,25): error TS17004: Cannot use JSX unless the '--jsx' flag is provided.
app/confirmation/[id]/page.tsx(1289,29): error TS17004: Cannot use JSX unless the '--jsx' flag is provided.
app/confirmation/[id]/page.tsx(1290,33): error TS17004: Cannot use JSX unless the '--jsx' flag is provided.
app/confirmation/[id]/page.tsx(1293,33): error TS17004: Cannot use JSX unless the '--jsx' flag is provided.
app/confirmation/[id]/page.tsx(1295,41): error TS17004: Cannot use JSX unless the '--jsx' flag is provided.
app/confirmation/[id]/page.tsx(1310,45): error TS17004: Cannot use JSX unless the '--jsx' flag is provided.
app/confirmation/[id]/page.tsx(1315,45): error TS17004: Cannot use JSX unless the '--jsx' flag is provided.
app/confirmation/[id]/page.tsx(1316,49): error TS17004: Cannot use JSX unless the '--jsx' flag is provided.
app/confirmation/[id]/page.tsx(1317,49): error TS17004: Cannot use JSX unless the '--jsx' flag is provided.
app/confirmation/[id]/page.tsx(1319,45): error TS17004: Cannot use JSX unless the '--jsx' flag is provided.
app/confirmation/[id]/page.tsx(1324,33): error TS17004: Cannot use JSX unless the '--jsx' flag is provided.
app/confirmation/[id]/page.tsx(1325,37): error TS17004: Cannot use JSX unless the '--jsx' flag is provided.
app/confirmation/[id]/page.tsx(1326,37): error TS17004: Cannot use JSX unless the '--jsx' flag is provided.
app/confirmation/[id]/page.tsx(1327,37): error TS17004: Cannot use JSX unless the '--jsx' flag is provided.
app/confirmation/[id]/page.tsx(1327,86): error TS17004: Cannot use JSX unless the '--jsx' flag is provided.
app/confirmation/[id]/page.tsx(1336,21): error TS17004: Cannot use JSX unless the '--jsx' flag is provided.
app/confirmation/[id]/page.tsx(1337,25): error TS17004: Cannot use JSX unless the '--jsx' flag is provided.
app/confirmation/[id]/page.tsx(1338,29): error TS17004: Cannot use JSX unless the '--jsx' flag is provided.
app/confirmation/[id]/page.tsx(1339,33): error TS17004: Cannot use JSX unless the '--jsx' flag is provided.
app/confirmation/[id]/page.tsx(1341,37): error TS17004: Cannot use JSX unless the '--jsx' flag is provided.
app/confirmation/[id]/page.tsx(1349,33): error TS17004: Cannot use JSX unless the '--jsx' flag is provided.
app/confirmation/[id]/page.tsx(1350,37): error TS17004: Cannot use JSX unless the '--jsx' flag is provided.
app/confirmation/[id]/page.tsx(1358,33): error TS17004: Cannot use JSX unless the '--jsx' flag is provided.
app/confirmation/[id]/page.tsx(1363,45): error TS17004: Cannot use JSX unless the '--jsx' flag is provided.
app/confirmation/[id]/page.tsx(1368,49): error TS17004: Cannot use JSX unless the '--jsx' flag is provided.
app/confirmation/[id]/page.tsx(1369,49): error TS17004: Cannot use JSX unless the '--jsx' flag is provided.
app/confirmation/[id]/page.tsx(1375,33): error TS17004: Cannot use JSX unless the '--jsx' flag is provided.
app/confirmation/[id]/page.tsx(1383,21): error TS17004: Cannot use JSX unless the '--jsx' flag is provided.
app/confirmation/[id]/page.tsx(1386,29): error TS17004: Cannot use JSX unless the '--jsx' flag is provided.
app/confirmation/[id]/page.tsx(1387,33): error TS17004: Cannot use JSX unless the '--jsx' flag is provided.
app/confirmation/[id]/page.tsx(1388,37): error TS17004: Cannot use JSX unless the '--jsx' flag is provided.
app/confirmation/[id]/page.tsx(1391,37): error TS17004: Cannot use JSX unless the '--jsx' flag is provided.
app/confirmation/[id]/page.tsx(1392,41): error TS17004: Cannot use JSX unless the '--jsx' flag is provided.
app/confirmation/[id]/page.tsx(1394,45): error TS17004: Cannot use JSX unless the '--jsx' flag is provided.
app/confirmation/[id]/page.tsx(1395,49): error TS17004: Cannot use JSX unless the '--jsx' flag is provided.
app/confirmation/[id]/page.tsx(1401,37): error TS17004: Cannot use JSX unless the '--jsx' flag is provided.
app/confirmation/[id]/page.tsx(1402,41): error TS17004: Cannot use JSX unless the '--jsx' flag is provided.
app/confirmation/[id]/page.tsx(1404,45): error TS17004: Cannot use JSX unless the '--jsx' flag is provided.
app/confirmation/[id]/page.tsx(1405,49): error TS17004: Cannot use JSX unless the '--jsx' flag is provided.
app/confirmation/[id]/page.tsx(1415,29): error TS17004: Cannot use JSX unless the '--jsx' flag is provided.
app/confirmation/[id]/page.tsx(1416,33): error TS17004: Cannot use JSX unless the '--jsx' flag is provided.
app/confirmation/[id]/page.tsx(1417,37): error TS17004: Cannot use JSX unless the '--jsx' flag is provided.
app/confirmation/[id]/page.tsx(1419,33): error TS17004: Cannot use JSX unless the '--jsx' flag is provided.
app/confirmation/[id]/page.tsx(1425,29): error TS17004: Cannot use JSX unless the '--jsx' flag is provided.
app/confirmation/[id]/page.tsx(1426,33): error TS17004: Cannot use JSX unless the '--jsx' flag is provided.
app/confirmation/[id]/page.tsx(1427,37): error TS17004: Cannot use JSX unless the '--jsx' flag is provided.
app/confirmation/[id]/page.tsx(1429,33): error TS17004: Cannot use JSX unless the '--jsx' flag is provided.
app/confirmation/[id]/page.tsx(1438,25): error TS17004: Cannot use JSX unless the '--jsx' flag is provided.
app/confirmation/[id]/page.tsx(1439,29): error TS17004: Cannot use JSX unless the '--jsx' flag is provided.
app/confirmation/[id]/page.tsx(1440,33): error TS17004: Cannot use JSX unless the '--jsx' flag is provided.
app/confirmation/[id]/page.tsx(1441,33): error TS17004: Cannot use JSX unless the '--jsx' flag is provided.
app/confirmation/[id]/page.tsx(1445,29): error TS17004: Cannot use JSX unless the '--jsx' flag is provided.
app/confirmation/[id]/page.tsx(1447,40): error TS17004: Cannot use JSX unless the '--jsx' flag is provided.
app/confirmation/[id]/page.tsx(1447,42): error TS17004: Cannot use JSX unless the '--jsx' flag is provided.
app/confirmation/[id]/page.tsx(1447,210): error TS17004: Cannot use JSX unless the '--jsx' flag is provided.
app/confirmation/[id]/page.tsx(1447,235): error TS17004: Cannot use JSX unless the '--jsx' flag is provided.
app/confirmation/[id]/page.tsx(1447,273): error TS17004: Cannot use JSX unless the '--jsx' flag is provided.
app/confirmation/[id]/page.tsx(1447,299): error TS17004: Cannot use JSX unless the '--jsx' flag is provided.
app/confirmation/[id]/page.tsx(1447,338): error TS17004: Cannot use JSX unless the '--jsx' flag is provided.
app/confirmation/[id]/page.tsx(1447,463): error TS17004: Cannot use JSX unless the '--jsx' flag is provided.
app/confirmation/[id]/page.tsx(1447,527): error TS17004: Cannot use JSX unless the '--jsx' flag is provided.
app/confirmation/[id]/page.tsx(1451,33): error TS17004: Cannot use JSX unless the '--jsx' flag is provided.
app/confirmation/[id]/page.tsx(1452,37): error TS17004: Cannot use JSX unless the '--jsx' flag is provided.
app/confirmation/[id]/page.tsx(1453,41): error TS17004: Cannot use JSX unless the '--jsx' flag is provided.
app/confirmation/[id]/page.tsx(1459,37): error TS17004: Cannot use JSX unless the '--jsx' flag is provided.
app/confirmation/[id]/page.tsx(1460,41): error TS17004: Cannot use JSX unless the '--jsx' flag is provided.
app/confirmation/[id]/page.tsx(1461,45): error TS17004: Cannot use JSX unless the '--jsx' flag is provided.
app/confirmation/[id]/page.tsx(1461,145): error TS17004: Cannot use JSX unless the '--jsx' flag is provided.
app/confirmation/[id]/page.tsx(1461,207): error TS17004: Cannot use JSX unless the '--jsx' flag is provided.
app/confirmation/[id]/page.tsx(1461,250): error TS17004: Cannot use JSX unless the '--jsx' flag is provided.
app/confirmation/[id]/page.tsx(1461,291): error TS17004: Cannot use JSX unless the '--jsx' flag is provided.
app/confirmation/[id]/page.tsx(1464,41): error TS17004: Cannot use JSX unless the '--jsx' flag is provided.
app/confirmation/[id]/page.tsx(1480,53): error TS17004: Cannot use JSX unless the '--jsx' flag is provided.
app/confirmation/[id]/page.tsx(1495,57): error TS17004: Cannot use JSX unless the '--jsx' flag is provided.
app/confirmation/[id]/page.tsx(1496,61): error TS17004: Cannot use JSX unless the '--jsx' flag is provided.
app/confirmation/[id]/page.tsx(1497,61): error TS17004: Cannot use JSX unless the '--jsx' flag is provided.
app/confirmation/[id]/page.tsx(1498,61): error TS17004: Cannot use JSX unless the '--jsx' flag is provided.
app/confirmation/[id]/page.tsx(1504,57): error TS17004: Cannot use JSX unless the '--jsx' flag is provided.
app/confirmation/[id]/page.tsx(1512,61): error TS17004: Cannot use JSX unless the '--jsx' flag is provided.
app/confirmation/[id]/page.tsx(1513,65): error TS17004: Cannot use JSX unless the '--jsx' flag is provided.
app/confirmation/[id]/page.tsx(1518,57): error TS17004: Cannot use JSX unless the '--jsx' flag is provided.
app/confirmation/[id]/page.tsx(1536,57): error TS17004: Cannot use JSX unless the '--jsx' flag is provided.
app/confirmation/[id]/page.tsx(1542,61): error TS17004: Cannot use JSX unless the '--jsx' flag is provided.
app/confirmation/[id]/page.tsx(1543,61): error TS17004: Cannot use JSX unless the '--jsx' flag is provided.
app/confirmation/[id]/page.tsx(1552,37): error TS17004: Cannot use JSX unless the '--jsx' flag is provided.
app/confirmation/[id]/page.tsx(1553,41): error TS17004: Cannot use JSX unless the '--jsx' flag is provided.
app/confirmation/[id]/page.tsx(1554,45): error TS17004: Cannot use JSX unless the '--jsx' flag is provided.
app/confirmation/[id]/page.tsx(1554,145): error TS17004: Cannot use JSX unless the '--jsx' flag is provided.
app/confirmation/[id]/page.tsx(1554,323): error TS17004: Cannot use JSX unless the '--jsx' flag is provided.
app/confirmation/[id]/page.tsx(1554,349): error TS17004: Cannot use JSX unless the '--jsx' flag is provided.
app/confirmation/[id]/page.tsx(1554,376): error TS17004: Cannot use JSX unless the '--jsx' flag is provided.
app/confirmation/[id]/page.tsx(1557,41): error TS17004: Cannot use JSX unless the '--jsx' flag is provided.
app/confirmation/[id]/page.tsx(1559,49): error TS17004: Cannot use JSX unless the '--jsx' flag is provided.
app/confirmation/[id]/page.tsx(1560,53): error TS17004: Cannot use JSX unless the '--jsx' flag is provided.
app/confirmation/[id]/page.tsx(1561,53): error TS17004: Cannot use JSX unless the '--jsx' flag is provided.
app/confirmation/[id]/page.tsx(1568,37): error TS17004: Cannot use JSX unless the '--jsx' flag is provided.
app/confirmation/[id]/page.tsx(1569,41): error TS17004: Cannot use JSX unless the '--jsx' flag is provided.
app/confirmation/[id]/page.tsx(1570,41): error TS17004: Cannot use JSX unless the '--jsx' flag is provided.
app/confirmation/[id]/page.tsx(1578,29): error TS17004: Cannot use JSX unless the '--jsx' flag is provided.
app/confirmation/[id]/page.tsx(1580,40): error TS17004: Cannot use JSX unless the '--jsx' flag is provided.
app/confirmation/[id]/page.tsx(1580,42): error TS17004: Cannot use JSX unless the '--jsx' flag is provided.
app/confirmation/[id]/page.tsx(1580,210): error TS17004: Cannot use JSX unless the '--jsx' flag is provided.
app/confirmation/[id]/page.tsx(1580,274): error TS17004: Cannot use JSX unless the '--jsx' flag is provided.
app/confirmation/[id]/page.tsx(1586,37): error TS17004: Cannot use JSX unless the '--jsx' flag is provided.
app/confirmation/[id]/page.tsx(1589,45): error TS17004: Cannot use JSX unless the '--jsx' flag is provided.
app/confirmation/[id]/page.tsx(1591,41): error TS17004: Cannot use JSX unless the '--jsx' flag is provided.
app/confirmation/[id]/page.tsx(1592,45): error TS17004: Cannot use JSX unless the '--jsx' flag is provided.
app/confirmation/[id]/page.tsx(1593,75): error TS17004: Cannot use JSX unless the '--jsx' flag is provided.
app/confirmation/[id]/page.tsx(1594,45): error TS17004: Cannot use JSX unless the '--jsx' flag is provided.
app/confirmation/[id]/page.tsx(1599,33): error TS17004: Cannot use JSX unless the '--jsx' flag is provided.
app/confirmation/[id]/page.tsx(1601,41): error TS17004: Cannot use JSX unless the '--jsx' flag is provided.
app/confirmation/[id]/page.tsx(1604,49): error TS17004: Cannot use JSX unless the '--jsx' flag is provided.
app/confirmation/[id]/page.tsx(1606,45): error TS17004: Cannot use JSX unless the '--jsx' flag is provided.
app/confirmation/[id]/page.tsx(1607,49): error TS17004: Cannot use JSX unless the '--jsx' flag is provided.
app/confirmation/[id]/page.tsx(1608,66): error TS17004: Cannot use JSX unless the '--jsx' flag is provided.
app/confirmation/[id]/page.tsx(1609,49): error TS17004: Cannot use JSX unless the '--jsx' flag is provided.
app/confirmation/[id]/page.tsx(1617,29): error TS17004: Cannot use JSX unless the '--jsx' flag is provided.
app/confirmation/[id]/page.tsx(1619,40): error TS17004: Cannot use JSX unless the '--jsx' flag is provided.
app/confirmation/[id]/page.tsx(1619,42): error TS17004: Cannot use JSX unless the '--jsx' flag is provided.
app/confirmation/[id]/page.tsx(1619,210): error TS17004: Cannot use JSX unless the '--jsx' flag is provided.
app/confirmation/[id]/page.tsx(1625,38): error TS17004: Cannot use JSX unless the '--jsx' flag is provided.
app/confirmation/[id]/page.tsx(1626,42): error TS17004: Cannot use JSX unless the '--jsx' flag is provided.
app/confirmation/[id]/page.tsx(1629,42): error TS17004: Cannot use JSX unless the '--jsx' flag is provided.
app/confirmation/[id]/page.tsx(1632,42): error TS17004: Cannot use JSX unless the '--jsx' flag is provided.
app/confirmation/[id]/page.tsx(1633,46): error TS17004: Cannot use JSX unless the '--jsx' flag is provided.
app/confirmation/[id]/page.tsx(1633,144): error TS17004: Cannot use JSX unless the '--jsx' flag is provided.
app/confirmation/[id]/page.tsx(1633,250): error TS17004: Cannot use JSX unless the '--jsx' flag is provided.
app/confirmation/[id]/page.tsx(1633,294): error TS17004: Cannot use JSX unless the '--jsx' flag is provided.
app/confirmation/[id]/page.tsx(1641,38): error TS17004: Cannot use JSX unless the '--jsx' flag is provided.
app/confirmation/[id]/page.tsx(1642,42): error TS17004: Cannot use JSX unless the '--jsx' flag is provided.
app/confirmation/[id]/page.tsx(1643,46): error TS17004: Cannot use JSX unless the '--jsx' flag is provided.
app/confirmation/[id]/page.tsx(1643,141): error TS17004: Cannot use JSX unless the '--jsx' flag is provided.
app/confirmation/[id]/page.tsx(1643,181): error TS17004: Cannot use JSX unless the '--jsx' flag is provided.
app/confirmation/[id]/page.tsx(1644,46): error TS17004: Cannot use JSX unless the '--jsx' flag is provided.
app/confirmation/[id]/page.tsx(1646,42): error TS17004: Cannot use JSX unless the '--jsx' flag is provided.
app/confirmation/[id]/page.tsx(1648,50): error TS17004: Cannot use JSX unless the '--jsx' flag is provided.
app/confirmation/[id]/page.tsx(1649,54): error TS17004: Cannot use JSX unless the '--jsx' flag is provided.
app/confirmation/[id]/page.tsx(1650,54): error TS17004: Cannot use JSX unless the '--jsx' flag is provided.
app/confirmation/[id]/page.tsx(1652,62): error TS17004: Cannot use JSX unless the '--jsx' flag is provided.
app/confirmation/[id]/page.tsx(1664,34): error TS17004: Cannot use JSX unless the '--jsx' flag is provided.
app/confirmation/[id]/page.tsx(1665,38): error TS17004: Cannot use JSX unless the '--jsx' flag is provided.
app/confirmation/[id]/page.tsx(1666,42): error TS17004: Cannot use JSX unless the '--jsx' flag is provided.
app/confirmation/[id]/page.tsx(1667,46): error TS17004: Cannot use JSX unless the '--jsx' flag is provided.
app/confirmation/[id]/page.tsx(1667,146): error TS17004: Cannot use JSX unless the '--jsx' flag is provided.
app/confirmation/[id]/page.tsx(1667,208): error TS17004: Cannot use JSX unless the '--jsx' flag is provided.
app/confirmation/[id]/page.tsx(1669,42): error TS17004: Cannot use JSX unless the '--jsx' flag is provided.
app/confirmation/[id]/page.tsx(1673,38): error TS17004: Cannot use JSX unless the '--jsx' flag is provided.
app/confirmation/[id]/page.tsx(1674,42): error TS17004: Cannot use JSX unless the '--jsx' flag is provided.
app/confirmation/[id]/page.tsx(1675,46): error TS17004: Cannot use JSX unless the '--jsx' flag is provided.
app/confirmation/[id]/page.tsx(1675,146): error TS17004: Cannot use JSX unless the '--jsx' flag is provided.
app/confirmation/[id]/page.tsx(1675,195): error TS17004: Cannot use JSX unless the '--jsx' flag is provided.
app/confirmation/[id]/page.tsx(1677,42): error TS17004: Cannot use JSX unless the '--jsx' flag is provided.
app/confirmation/[id]/page.tsx(1685,38): error TS17004: Cannot use JSX unless the '--jsx' flag is provided.
app/confirmation/[id]/page.tsx(1686,42): error TS17004: Cannot use JSX unless the '--jsx' flag is provided.
app/confirmation/[id]/page.tsx(1687,46): error TS17004: Cannot use JSX unless the '--jsx' flag is provided.
app/confirmation/[id]/page.tsx(1687,141): error TS17004: Cannot use JSX unless the '--jsx' flag is provided.
app/confirmation/[id]/page.tsx(1687,217): error TS17004: Cannot use JSX unless the '--jsx' flag is provided.
app/confirmation/[id]/page.tsx(1687,262): error TS17004: Cannot use JSX unless the '--jsx' flag is provided.
app/confirmation/[id]/page.tsx(1687,306): error TS17004: Cannot use JSX unless the '--jsx' flag is provided.
app/confirmation/[id]/page.tsx(1687,350): error TS17004: Cannot use JSX unless the '--jsx' flag is provided.
app/confirmation/[id]/page.tsx(1688,46): error TS17004: Cannot use JSX unless the '--jsx' flag is provided.
app/confirmation/[id]/page.tsx(1690,42): error TS17004: Cannot use JSX unless the '--jsx' flag is provided.
app/confirmation/[id]/page.tsx(1691,46): error TS17004: Cannot use JSX unless the '--jsx' flag is provided.
app/confirmation/[id]/page.tsx(1692,50): error TS17004: Cannot use JSX unless the '--jsx' flag is provided.
app/confirmation/[id]/page.tsx(1692,148): error TS17004: Cannot use JSX unless the '--jsx' flag is provided.
app/confirmation/[id]/page.tsx(1692,188): error TS17004: Cannot use JSX unless the '--jsx' flag is provided.
app/confirmation/[id]/page.tsx(1692,233): error TS17004: Cannot use JSX unless the '--jsx' flag is provided.
app/confirmation/[id]/page.tsx(1695,46): error TS17004: Cannot use JSX unless the '--jsx' flag is provided.
app/confirmation/[id]/page.tsx(1697,54): error TS17004: Cannot use JSX unless the '--jsx' flag is provided.
app/confirmation/[id]/page.tsx(1698,58): error TS17004: Cannot use JSX unless the '--jsx' flag is provided.
app/confirmation/[id]/page.tsx(1699,58): error TS17004: Cannot use JSX unless the '--jsx' flag is provided.
app/confirmation/[id]/page.tsx(1700,62): error TS17004: Cannot use JSX unless the '--jsx' flag is provided.
app/confirmation/[id]/page.tsx(1701,62): error TS17004: Cannot use JSX unless the '--jsx' flag is provided.
app/confirmation/[id]/page.tsx(1712,38): error TS17004: Cannot use JSX unless the '--jsx' flag is provided.
app/confirmation/[id]/page.tsx(1713,42): error TS17004: Cannot use JSX unless the '--jsx' flag is provided.
app/confirmation/[id]/page.tsx(1714,46): error TS17004: Cannot use JSX unless the '--jsx' flag is provided.
app/confirmation/[id]/page.tsx(1714,146): error TS17004: Cannot use JSX unless the '--jsx' flag is provided.
app/confirmation/[id]/page.tsx(1714,205): error TS17004: Cannot use JSX unless the '--jsx' flag is provided.
app/confirmation/[id]/page.tsx(1714,242): error TS17004: Cannot use JSX unless the '--jsx' flag is provided.
app/confirmation/[id]/page.tsx(1714,286): error TS17004: Cannot use JSX unless the '--jsx' flag is provided.
app/confirmation/[id]/page.tsx(1715,46): error TS17004: Cannot use JSX unless the '--jsx' flag is provided.
app/confirmation/[id]/page.tsx(1717,42): error TS17004: Cannot use JSX unless the '--jsx' flag is provided.
app/confirmation/[id]/page.tsx(1718,46): error TS17004: Cannot use JSX unless the '--jsx' flag is provided.
app/confirmation/[id]/page.tsx(1722,50): error TS17004: Cannot use JSX unless the '--jsx' flag is provided.
app/confirmation/[id]/page.tsx(1723,54): error TS17004: Cannot use JSX unless the '--jsx' flag is provided.
app/confirmation/[id]/page.tsx(1724,58): error TS17004: Cannot use JSX unless the '--jsx' flag is provided.
app/confirmation/[id]/page.tsx(1724,200): error TS17004: Cannot use JSX unless the '--jsx' flag is provided.
app/confirmation/[id]/page.tsx(1724,276): error TS17004: Cannot use JSX unless the '--jsx' flag is provided.
app/confirmation/[id]/page.tsx(1725,58): error TS17004: Cannot use JSX unless the '--jsx' flag is provided.
app/confirmation/[id]/page.tsx(1735,38): error TS17004: Cannot use JSX unless the '--jsx' flag is provided.
app/confirmation/[id]/page.tsx(1736,42): error TS17004: Cannot use JSX unless the '--jsx' flag is provided.
app/confirmation/[id]/page.tsx(1737,46): error TS17004: Cannot use JSX unless the '--jsx' flag is provided.
app/confirmation/[id]/page.tsx(1737,146): error TS17004: Cannot use JSX unless the '--jsx' flag is provided.
app/confirmation/[id]/page.tsx(1737,214): error TS17004: Cannot use JSX unless the '--jsx' flag is provided.
app/confirmation/[id]/page.tsx(1737,239): error TS17004: Cannot use JSX unless the '--jsx' flag is provided.
app/confirmation/[id]/page.tsx(1741,46): error TS17004: Cannot use JSX unless the '--jsx' flag is provided.
app/confirmation/[id]/page.tsx(1742,50): error TS17004: Cannot use JSX unless the '--jsx' flag is provided.
app/confirmation/[id]/page.tsx(1743,54): error TS17004: Cannot use JSX unless the '--jsx' flag is provided.
app/confirmation/[id]/page.tsx(1746,54): error TS17004: Cannot use JSX unless the '--jsx' flag is provided.
app/confirmation/[id]/page.tsx(1748,50): error TS17004: Cannot use JSX unless the '--jsx' flag is provided.
app/confirmation/[id]/page.tsx(1749,54): error TS17004: Cannot use JSX unless the '--jsx' flag is provided.
app/confirmation/[id]/page.tsx(1750,58): error TS17004: Cannot use JSX unless the '--jsx' flag is provided.
app/confirmation/[id]/page.tsx(1754,54): error TS17004: Cannot use JSX unless the '--jsx' flag is provided.
app/confirmation/[id]/page.tsx(1755,58): error TS17004: Cannot use JSX unless the '--jsx' flag is provided.
app/confirmation/[id]/page.tsx(1756,62): error TS17004: Cannot use JSX unless the '--jsx' flag is provided.
app/confirmation/[id]/page.tsx(1756,162): error TS17004: Cannot use JSX unless the '--jsx' flag is provided.
app/confirmation/[id]/page.tsx(1756,238): error TS17004: Cannot use JSX unless the '--jsx' flag is provided.
app/confirmation/[id]/page.tsx(1759,58): error TS17004: Cannot use JSX unless the '--jsx' flag is provided.
app/confirmation/[id]/page.tsx(1763,54): error TS17004: Cannot use JSX unless the '--jsx' flag is provided.
app/confirmation/[id]/page.tsx(1769,58): error TS17004: Cannot use JSX unless the '--jsx' flag is provided.
app/confirmation/[id]/page.tsx(1769,156): error TS17004: Cannot use JSX unless the '--jsx' flag is provided.
app/confirmation/[id]/page.tsx(1769,230): error TS17004: Cannot use JSX unless the '--jsx' flag is provided.
app/confirmation/[id]/page.tsx(1769,275): error TS17004: Cannot use JSX unless the '--jsx' flag is provided.
app/confirmation/[id]/page.tsx(1778,34): error TS17004: Cannot use JSX unless the '--jsx' flag is provided.
app/confirmation/[id]/page.tsx(1779,38): error TS17004: Cannot use JSX unless the '--jsx' flag is provided.
app/confirmation/[id]/page.tsx(1780,38): error TS17004: Cannot use JSX unless the '--jsx' flag is provided.
app/confirmation/[id]/page.tsx(1785,29): error TS17004: Cannot use JSX unless the '--jsx' flag is provided.
app/confirmation/[id]/page.tsx(1787,40): error TS17004: Cannot use JSX unless the '--jsx' flag is provided.
app/confirmation/[id]/page.tsx(1787,42): error TS17004: Cannot use JSX unless the '--jsx' flag is provided.
app/confirmation/[id]/page.tsx(1787,210): error TS17004: Cannot use JSX unless the '--jsx' flag is provided.
app/confirmation/[id]/page.tsx(1787,254): error TS17004: Cannot use JSX unless the '--jsx' flag is provided.
app/confirmation/[id]/page.tsx(1791,33): error TS17004: Cannot use JSX unless the '--jsx' flag is provided.
app/confirmation/[id]/page.tsx(1792,37): error TS17004: Cannot use JSX unless the '--jsx' flag is provided.
app/confirmation/[id]/page.tsx(1793,41): error TS17004: Cannot use JSX unless the '--jsx' flag is provided.
app/confirmation/[id]/page.tsx(1796,41): error TS17004: Cannot use JSX unless the '--jsx' flag is provided.
app/confirmation/[id]/page.tsx(1797,41): error TS17004: Cannot use JSX unless the '--jsx' flag is provided.
app/confirmation/[id]/page.tsx(1801,37): error TS17004: Cannot use JSX unless the '--jsx' flag is provided.
app/confirmation/[id]/page.tsx(1802,41): error TS17004: Cannot use JSX unless the '--jsx' flag is provided.
app/confirmation/[id]/page.tsx(1803,41): error TS17004: Cannot use JSX unless the '--jsx' flag is provided.
app/confirmation/[id]/page.tsx(1805,37): error TS17004: Cannot use JSX unless the '--jsx' flag is provided.
app/confirmation/[id]/page.tsx(1806,41): error TS17004: Cannot use JSX unless the '--jsx' flag is provided.
app/confirmation/[id]/page.tsx(1807,41): error TS17004: Cannot use JSX unless the '--jsx' flag is provided.
app/confirmation/[id]/page.tsx(1812,33): error TS17004: Cannot use JSX unless the '--jsx' flag is provided.
app/confirmation/[id]/page.tsx(1813,37): error TS17004: Cannot use JSX unless the '--jsx' flag is provided.
app/confirmation/[id]/page.tsx(1815,41): error TS17004: Cannot use JSX unless the '--jsx' flag is provided.
app/confirmation/[id]/page.tsx(1817,41): error TS17004: Cannot use JSX unless the '--jsx' flag is provided.
app/confirmation/[id]/page.tsx(1818,45): error TS17004: Cannot use JSX unless the '--jsx' flag is provided.
app/confirmation/[id]/page.tsx(1819,49): error TS17004: Cannot use JSX unless the '--jsx' flag is provided.
app/confirmation/[id]/page.tsx(1821,53): error TS17004: Cannot use JSX unless the '--jsx' flag is provided.
app/confirmation/[id]/page.tsx(1823,49): error TS17004: Cannot use JSX unless the '--jsx' flag is provided.
app/confirmation/[id]/page.tsx(1832,45): error TS17004: Cannot use JSX unless the '--jsx' flag is provided.
app/confirmation/[id]/page.tsx(1839,49): error TS17004: Cannot use JSX unless the '--jsx' flag is provided.
app/confirmation/[id]/page.tsx(1839,192): error TS17004: Cannot use JSX unless the '--jsx' flag is provided.
app/confirmation/[id]/page.tsx(1839,236): error TS17004: Cannot use JSX unless the '--jsx' flag is provided.
app/confirmation/[id]/page.tsx(1839,280): error TS17004: Cannot use JSX unless the '--jsx' flag is provided.
app/confirmation/[id]/page.tsx(1842,45): error TS17004: Cannot use JSX unless the '--jsx' flag is provided.
app/confirmation/[id]/page.tsx(1843,49): error TS17004: Cannot use JSX unless the '--jsx' flag is provided.
app/confirmation/[id]/page.tsx(1845,53): error TS17004: Cannot use JSX unless the '--jsx' flag is provided.
app/confirmation/[id]/page.tsx(1847,49): error TS17004: Cannot use JSX unless the '--jsx' flag is provided.
app/confirmation/[id]/page.tsx(1855,45): error TS17004: Cannot use JSX unless the '--jsx' flag is provided.
app/confirmation/[id]/page.tsx(1860,41): error TS17004: Cannot use JSX unless the '--jsx' flag is provided.
app/confirmation/[id]/page.tsx(1868,29): error TS17004: Cannot use JSX unless the '--jsx' flag is provided.
app/confirmation/[id]/page.tsx(1870,40): error TS17004: Cannot use JSX unless the '--jsx' flag is provided.
app/confirmation/[id]/page.tsx(1870,42): error TS17004: Cannot use JSX unless the '--jsx' flag is provided.
app/confirmation/[id]/page.tsx(1870,210): error TS17004: Cannot use JSX unless the '--jsx' flag is provided.
app/confirmation/[id]/page.tsx(1870,256): error TS17004: Cannot use JSX unless the '--jsx' flag is provided.
app/confirmation/[id]/page.tsx(1870,301): error TS17004: Cannot use JSX unless the '--jsx' flag is provided.
app/confirmation/[id]/page.tsx(1870,347): error TS17004: Cannot use JSX unless the '--jsx' flag is provided.
app/confirmation/[id]/page.tsx(1874,33): error TS17004: Cannot use JSX unless the '--jsx' flag is provided.
app/confirmation/[id]/page.tsx(1875,37): error TS17004: Cannot use JSX unless the '--jsx' flag is provided.
app/confirmation/[id]/page.tsx(1876,41): error TS17004: Cannot use JSX unless the '--jsx' flag is provided.
app/confirmation/[id]/page.tsx(1876,139): error TS17004: Cannot use JSX unless the '--jsx' flag is provided.
app/confirmation/[id]/page.tsx(1876,245): error TS17004: Cannot use JSX unless the '--jsx' flag is provided.
app/confirmation/[id]/page.tsx(1876,289): error TS17004: Cannot use JSX unless the '--jsx' flag is provided.
app/confirmation/[id]/page.tsx(1878,37): error TS17004: Cannot use JSX unless the '--jsx' flag is provided.
app/confirmation/[id]/page.tsx(1879,130): error TS17004: Cannot use JSX unless the '--jsx' flag is provided.
app/confirmation/[id]/page.tsx(1879,160): error TS17004: Cannot use JSX unless the '--jsx' flag is provided.
app/confirmation/[id]/page.tsx(1881,37): error TS17004: Cannot use JSX unless the '--jsx' flag is provided.
app/confirmation/[id]/page.tsx(1882,41): error TS17004: Cannot use JSX unless the '--jsx' flag is provided.
app/confirmation/[id]/page.tsx(1883,45): error TS17004: Cannot use JSX unless the '--jsx' flag is provided.
app/confirmation/[id]/page.tsx(1884,49): error TS17004: Cannot use JSX unless the '--jsx' flag is provided.
app/confirmation/[id]/page.tsx(1885,49): error TS17004: Cannot use JSX unless the '--jsx' flag is provided.
app/confirmation/[id]/page.tsx(1887,45): error TS17004: Cannot use JSX unless the '--jsx' flag is provided.
app/confirmation/[id]/page.tsx(1888,49): error TS17004: Cannot use JSX unless the '--jsx' flag is provided.
app/confirmation/[id]/page.tsx(1889,53): error TS17004: Cannot use JSX unless the '--jsx' flag is provided.
app/confirmation/[id]/page.tsx(1890,57): error TS17004: Cannot use JSX unless the '--jsx' flag is provided.
app/confirmation/[id]/page.tsx(1890,155): error TS17004: Cannot use JSX unless the '--jsx' flag is provided.
app/confirmation/[id]/page.tsx(1890,217): error TS17004: Cannot use JSX unless the '--jsx' flag is provided.
app/confirmation/[id]/page.tsx(1892,53): error TS17004: Cannot use JSX unless the '--jsx' flag is provided.
app/confirmation/[id]/page.tsx(1893,53): error TS17004: Cannot use JSX unless the '--jsx' flag is provided.
app/confirmation/[id]/page.tsx(1895,49): error TS17004: Cannot use JSX unless the '--jsx' flag is provided.
app/confirmation/[id]/page.tsx(1896,53): error TS17004: Cannot use JSX unless the '--jsx' flag is provided.
app/confirmation/[id]/page.tsx(1897,57): error TS17004: Cannot use JSX unless the '--jsx' flag is provided.
app/confirmation/[id]/page.tsx(1897,155): error TS17004: Cannot use JSX unless the '--jsx' flag is provided.
app/confirmation/[id]/page.tsx(1897,217): error TS17004: Cannot use JSX unless the '--jsx' flag is provided.
app/confirmation/[id]/page.tsx(1899,53): error TS17004: Cannot use JSX unless the '--jsx' flag is provided.
app/confirmation/[id]/page.tsx(1900,53): error TS17004: Cannot use JSX unless the '--jsx' flag is provided.
app/confirmation/[id]/page.tsx(1902,49): error TS17004: Cannot use JSX unless the '--jsx' flag is provided.
app/confirmation/[id]/page.tsx(1903,53): error TS17004: Cannot use JSX unless the '--jsx' flag is provided.
app/confirmation/[id]/page.tsx(1904,57): error TS17004: Cannot use JSX unless the '--jsx' flag is provided.
app/confirmation/[id]/page.tsx(1904,155): error TS17004: Cannot use JSX unless the '--jsx' flag is provided.
app/confirmation/[id]/page.tsx(1904,217): error TS17004: Cannot use JSX unless the '--jsx' flag is provided.
app/confirmation/[id]/page.tsx(1906,53): error TS17004: Cannot use JSX unless the '--jsx' flag is provided.
app/confirmation/[id]/page.tsx(1907,53): error TS17004: Cannot use JSX unless the '--jsx' flag is provided.
app/confirmation/[id]/page.tsx(1911,41): error TS17004: Cannot use JSX unless the '--jsx' flag is provided.
app/confirmation/[id]/page.tsx(1912,45): error TS17004: Cannot use JSX unless the '--jsx' flag is provided.
app/confirmation/[id]/page.tsx(1913,45): error TS17004: Cannot use JSX unless the '--jsx' flag is provided.
app/confirmation/[id]/page.tsx(1914,49): error TS17004: Cannot use JSX unless the '--jsx' flag is provided.
app/confirmation/[id]/page.tsx(1915,49): error TS17004: Cannot use JSX unless the '--jsx' flag is provided.
app/confirmation/[id]/page.tsx(1918,41): error TS17004: Cannot use JSX unless the '--jsx' flag is provided.
app/confirmation/[id]/page.tsx(1919,45): error TS17004: Cannot use JSX unless the '--jsx' flag is provided.
app/confirmation/[id]/page.tsx(1920,45): error TS17004: Cannot use JSX unless the '--jsx' flag is provided.
app/confirmation/[id]/page.tsx(1921,49): error TS17004: Cannot use JSX unless the '--jsx' flag is provided.
app/confirmation/[id]/page.tsx(1922,49): error TS17004: Cannot use JSX unless the '--jsx' flag is provided.
app/confirmation/[id]/page.tsx(1925,41): error TS17004: Cannot use JSX unless the '--jsx' flag is provided.
app/confirmation/[id]/page.tsx(1926,45): error TS17004: Cannot use JSX unless the '--jsx' flag is provided.
app/confirmation/[id]/page.tsx(1927,45): error TS17004: Cannot use JSX unless the '--jsx' flag is provided.
app/confirmation/[id]/page.tsx(1928,49): error TS17004: Cannot use JSX unless the '--jsx' flag is provided.
app/confirmation/[id]/page.tsx(1929,49): error TS17004: Cannot use JSX unless the '--jsx' flag is provided.
app/confirmation/[id]/page.tsx(1934,37): error TS17004: Cannot use JSX unless the '--jsx' flag is provided.
app/confirmation/[id]/page.tsx(1935,41): error TS17004: Cannot use JSX unless the '--jsx' flag is provided.
app/confirmation/[id]/page.tsx(1936,45): error TS17004: Cannot use JSX unless the '--jsx' flag is provided.
app/confirmation/[id]/page.tsx(1936,143): error TS17004: Cannot use JSX unless the '--jsx' flag is provided.
app/confirmation/[id]/page.tsx(1936,200): error TS17004: Cannot use JSX unless the '--jsx' flag is provided.
app/confirmation/[id]/page.tsx(1936,247): error TS17004: Cannot use JSX unless the '--jsx' flag is provided.
app/confirmation/[id]/page.tsx(1945,33): error TS17004: Cannot use JSX unless the '--jsx' flag is provided.
app/confirmation/[id]/page.tsx(1948,44): error TS17004: Cannot use JSX unless the '--jsx' flag is provided.
app/confirmation/[id]/page.tsx(1948,46): error TS17004: Cannot use JSX unless the '--jsx' flag is provided.
app/confirmation/[id]/page.tsx(1948,214): error TS17004: Cannot use JSX unless the '--jsx' flag is provided.
app/confirmation/[id]/page.tsx(1948,254): error TS17004: Cannot use JSX unless the '--jsx' flag is provided.
app/confirmation/[id]/page.tsx(1948,299): error TS17004: Cannot use JSX unless the '--jsx' flag is provided.
app/confirmation/[id]/page.tsx(1953,41): error TS17004: Cannot use JSX unless the '--jsx' flag is provided.
app/confirmation/[id]/page.tsx(1954,45): error TS17004: Cannot use JSX unless the '--jsx' flag is provided.
app/confirmation/[id]/page.tsx(1958,49): error TS17004: Cannot use JSX unless the '--jsx' flag is provided.
app/confirmation/[id]/page.tsx(1960,57): error TS17004: Cannot use JSX unless the '--jsx' flag is provided.
app/confirmation/[id]/page.tsx(1961,61): error TS17004: Cannot use JSX unless the '--jsx' flag is provided.
app/confirmation/[id]/page.tsx(1962,61): error TS17004: Cannot use JSX unless the '--jsx' flag is provided.
app/confirmation/[id]/page.tsx(1963,65): error TS17004: Cannot use JSX unless the '--jsx' flag is provided.
app/confirmation/[id]/page.tsx(1964,65): error TS17004: Cannot use JSX unless the '--jsx' flag is provided.
app/confirmation/[id]/page.tsx(1973,49): error TS17004: Cannot use JSX unless the '--jsx' flag is provided.
app/confirmation/[id]/page.tsx(1974,53): error TS17004: Cannot use JSX unless the '--jsx' flag is provided.
app/confirmation/[id]/page.tsx(1975,57): error TS17004: Cannot use JSX unless the '--jsx' flag is provided.
app/confirmation/[id]/page.tsx(1975,64): error TS17004: Cannot use JSX unless the '--jsx' flag is provided.
app/confirmation/[id]/page.tsx(1975,96): error TS17004: Cannot use JSX unless the '--jsx' flag is provided.
app/confirmation/[id]/page.tsx(1976,57): error TS17004: Cannot use JSX unless the '--jsx' flag is provided.
app/confirmation/[id]/page.tsx(1978,65): error TS17004: Cannot use JSX unless the '--jsx' flag is provided.
app/confirmation/[id]/page.tsx(1978,98): error TS17004: Cannot use JSX unless the '--jsx' flag is provided.
app/confirmation/[id]/page.tsx(1987,49): error TS17004: Cannot use JSX unless the '--jsx' flag is provided.
app/confirmation/[id]/page.tsx(1988,82): error TS17004: Cannot use JSX unless the '--jsx' flag is provided.
app/confirmation/[id]/page.tsx(1994,49): error TS17004: Cannot use JSX unless the '--jsx' flag is provided.
app/confirmation/[id]/page.tsx(1999,49): error TS17004: Cannot use JSX unless the '--jsx' flag is provided.
app/confirmation/[id]/page.tsx(2001,57): error TS17004: Cannot use JSX unless the '--jsx' flag is provided.
app/confirmation/[id]/page.tsx(2002,61): error TS17004: Cannot use JSX unless the '--jsx' flag is provided.
app/confirmation/[id]/page.tsx(2003,99): error TS17004: Cannot use JSX unless the '--jsx' flag is provided.
app/confirmation/[id]/page.tsx(2017,21): error TS17004: Cannot use JSX unless the '--jsx' flag is provided.
app/confirmation/[id]/page.tsx(2018,25): error TS17004: Cannot use JSX unless the '--jsx' flag is provided.
app/confirmation/[id]/page.tsx(2019,29): error TS17004: Cannot use JSX unless the '--jsx' flag is provided.
app/confirmation/[id]/page.tsx(2020,29): error TS17004: Cannot use JSX unless the '--jsx' flag is provided.
app/confirmation/[id]/page.tsx(2021,29): error TS17004: Cannot use JSX unless the '--jsx' flag is provided.
app/confirmation/[id]/page.tsx(2028,13): error TS17004: Cannot use JSX unless the '--jsx' flag is provided.
app/confirmation/[id]/page.tsx(2029,17): error TS17004: Cannot use JSX unless the '--jsx' flag is provided.
app/confirmation/[id]/page.tsx(2032,17): error TS17004: Cannot use JSX unless the '--jsx' flag is provided.
app/confirmation/[id]/page.tsx(2039,17): error TS17004: Cannot use JSX unless the '--jsx' flag is provided.
app/confirmation/[id]/page.tsx(2040,21): error TS17004: Cannot use JSX unless the '--jsx' flag is provided.
app/confirmation/[id]/page.tsx(2041,25): error TS17004: Cannot use JSX unless the '--jsx' flag is provided.
app/confirmation/[id]/page.tsx(2042,29): error TS17004: Cannot use JSX unless the '--jsx' flag is provided.
app/confirmation/[id]/page.tsx(2043,29): error TS17004: Cannot use JSX unless the '--jsx' flag is provided.
app/confirmation/[id]/page.tsx(2045,25): error TS17004: Cannot use JSX unless the '--jsx' flag is provided.
app/confirmation/[id]/page.tsx(2050,37): error TS17004: Cannot use JSX unless the '--jsx' flag is provided.
app/confirmation/[id]/page.tsx(2051,41): error TS17004: Cannot use JSX unless the '--jsx' flag is provided.
app/confirmation/[id]/page.tsx(2053,45): error TS17004: Cannot use JSX unless the '--jsx' flag is provided.
app/confirmation/[id]/page.tsx(2054,49): error TS17004: Cannot use JSX unless the '--jsx' flag is provided.
app/confirmation/[id]/page.tsx(2055,49): error TS17004: Cannot use JSX unless the '--jsx' flag is provided.
app/confirmation/[id]/page.tsx(2065,41): error TS17004: Cannot use JSX unless the '--jsx' flag is provided.
app/confirmation/[id]/page.tsx(2066,59): error TS17004: Cannot use JSX unless the '--jsx' flag is provided.
app/confirmation/[id]/page.tsx(2067,60): error TS17004: Cannot use JSX unless the '--jsx' flag is provided.
app/confirmation/[id]/page.tsx(2070,45): error TS17004: Cannot use JSX unless the '--jsx' flag is provided.
app/confirmation/[id]/page.tsx(2072,53): error TS17004: Cannot use JSX unless the '--jsx' flag is provided.
app/confirmation/[id]/page.tsx(2076,41): error TS17004: Cannot use JSX unless the '--jsx' flag is provided.
app/confirmation/[id]/page.tsx(2078,49): error TS17004: Cannot use JSX unless the '--jsx' flag is provided.
app/confirmation/[id]/page.tsx(2090,31): error TS17004: Cannot use JSX unless the '--jsx' flag is provided.
app/confirmation/[id]/page.tsx(2093,17): error TS17004: Cannot use JSX unless the '--jsx' flag is provided.
app/confirmation/[id]/page.tsx(2098,25): error TS17004: Cannot use JSX unless the '--jsx' flag is provided.
node_modules/next/dist/build/templates/app-page.d.ts(3,25): error TS2307: Cannot find module 'VAR_MODULE_GLOBAL_ERROR' or its corresponding type declarations.
node_modules/next/dist/build/webpack-config.d.ts(10,104): error TS2694: Namespace '"C:/Users/vbxn6/.gemini/antigravity/scratch/smart-travel-pilot/node_modules/next/dist/compiled/webpack/webpack".webpack' has no exported member 'RuleSetUseItem'.
node_modules/next/dist/build/webpack/loaders/next-app-loader/index.d.ts(1,13): error TS2613: Module '"C:/Users/vbxn6/.gemini/antigravity/scratch/smart-travel-pilot/node_modules/next/dist/compiled/webpack/webpack"' has no default export. Did you mean to use 'import { webpack } from "C:/Users/vbxn6/.gemini/antigravity/scratch/smart-travel-pilot/node_modules/next/dist/compiled/webpack/webpack"' instead?
node_modules/next/dist/client/components/error-boundary.d.ts(1,8): error TS1259: Module '"C:/Users/vbxn6/.gemini/antigravity/scratch/smart-travel-pilot/node_modules/@types/react/index"' can only be default-imported using the 'esModuleInterop' flag
node_modules/next/dist/client/components/http-access-fallback/error-boundary.d.ts(11,8): error TS1259: Module '"C:/Users/vbxn6/.gemini/antigravity/scratch/smart-travel-pilot/node_modules/@types/react/index"' can only be default-imported using the 'esModuleInterop' flag
node_modules/next/dist/client/components/layout-router.d.ts(2,8): error TS1259: Module '"C:/Users/vbxn6/.gemini/antigravity/scratch/smart-travel-pilot/node_modules/@types/react/index"' can only be default-imported using the 'esModuleInterop' flag
node_modules/next/dist/client/with-router.d.ts(1,8): error TS1259: Module '"C:/Users/vbxn6/.gemini/antigravity/scratch/smart-travel-pilot/node_modules/@types/react/index"' can only be default-imported using the 'esModuleInterop' flag
node_modules/next/dist/lib/metadata/metadata.d.ts(1,8): error TS1259: Module '"C:/Users/vbxn6/.gemini/antigravity/scratch/smart-travel-pilot/node_modules/@types/react/index"' can only be default-imported using the 'esModuleInterop' flag
node_modules/next/dist/next-devtools/userspace/pages/pages-dev-overlay-setup.d.ts(1,8): error TS1259: Module '"C:/Users/vbxn6/.gemini/antigravity/scratch/smart-travel-pilot/node_modules/@types/react/index"' can only be default-imported using the 'esModuleInterop' flag
node_modules/next/dist/server/app-render/entry-base.d.ts(1,114): error TS2307: Cannot find module 'react-server-dom-webpack/server' or its corresponding type declarations.
node_modules/next/dist/server/app-render/entry-base.d.ts(2,27): error TS2307: Cannot find module 'react-server-dom-webpack/static' or its corresponding type declarations.
node_modules/next/dist/server/web/spec-extension/adapters/headers.d.ts(39,16): error TS2304: Cannot find name 'HeadersIterator'.
node_modules/next/dist/server/web/spec-extension/adapters/headers.d.ts(40,13): error TS2304: Cannot find name 'HeadersIterator'.
node_modules/next/dist/server/web/spec-extension/adapters/headers.d.ts(41,15): error TS2304: Cannot find name 'HeadersIterator'.
node_modules/next/dist/server/web/spec-extension/adapters/headers.d.ts(42,26): error TS2304: Cannot find name 'HeadersIterator'.
node_modules/next/dist/shared/lib/app-router-context.shared-runtime.d.ts(4,8): error TS1259: Module '"C:/Users/vbxn6/.gemini/antigravity/scratch/smart-travel-pilot/node_modules/@types/react/index"' can only be default-imported using the 'esModuleInterop' flag
node_modules/next/dist/shared/lib/app-router-types.d.ts(7,13): error TS1259: Module '"C:/Users/vbxn6/.gemini/antigravity/scratch/smart-travel-pilot/node_modules/@types/react/index"' can only be default-imported using the 'esModuleInterop' flag
node_modules/next/dist/shared/lib/head-manager-context.shared-runtime.d.ts(1,8): error TS1259: Module '"C:/Users/vbxn6/.gemini/antigravity/scratch/smart-travel-pilot/node_modules/@types/react/index"' can only be default-imported using the 'esModuleInterop' flag
node_modules/next/dist/shared/lib/image-config-context.shared-runtime.d.ts(1,8): error TS1259: Module '"C:/Users/vbxn6/.gemini/antigravity/scratch/smart-travel-pilot/node_modules/@types/react/index"' can only be default-imported using the 'esModuleInterop' flag
node_modules/next/dist/shared/lib/loadable-context.shared-runtime.d.ts(1,8): error TS1259: Module '"C:/Users/vbxn6/.gemini/antigravity/scratch/smart-travel-pilot/node_modules/@types/react/index"' can only be default-imported using the 'esModuleInterop' flag
node_modules/next/dist/shared/lib/loadable.shared-runtime.d.ts(21,8): error TS1259: Module '"C:/Users/vbxn6/.gemini/antigravity/scratch/smart-travel-pilot/node_modules/@types/react/index"' can only be default-imported using the 'esModuleInterop' flag
node_modules/next/dist/shared/lib/router-context.shared-runtime.d.ts(1,8): error TS1259: Module '"C:/Users/vbxn6/.gemini/antigravity/scratch/smart-travel-pilot/node_modules/@types/react/index"' can only be default-imported using the 'esModuleInterop' flag
node_modules/next/dist/shared/lib/server-inserted-html.shared-runtime.d.ts(1,8): error TS1259: Module '"C:/Users/vbxn6/.gemini/antigravity/scratch/smart-travel-pilot/node_modules/@types/react/index"' can only be default-imported using the 'esModuleInterop' flag
node_modules/next/dist/shared/lib/utils.d.ts(10,13): error TS1192: Module '"fs"' has no default export.
