[Fix] Hostname temporarily patched to "Travel-Pilot-PC"
node : JSON Parse Err
or: Expected property
 name or '}' in JSON 
at position 4 (line 2
 column 3)
위치 줄:1 문자:1
+ node scripts/test-s
heets-standalone.js >
 test-output.txt 2>&1
+ ~~~~~~~~~~~~~~~~~~~
~~~~~~~~~~~~~~~~~~~~~
~~~~~~~~~~~~~~~~~~~~~
    + CategoryInfo   
           : NotSpe  
  cified: (JSON Pa   
 rse Erro...ine 2    
 column 3):Strin    g
) [], RemoteExc    ep
tion
    + FullyQualified 
   ErrorId : Native  
  CommandError
 
[dotenv@17.3.1] injecting env (15) from .env.local -- tip: ?숋툘  override existing env vars with { override: true }
Testing Google Sheets Connection (Standalone v3)...
Sheet ID: 17aVvFt29xlEvW5na0zvqN7B5HPOqxt55AzFJuabn2fk
Initializing GoogleAuth...
Using GOOGLE_SERVICE_ACCOUNT_JSON
JSON starts with {
Client initialized.
Fetching sheet titles...
Connection Failed: Co
uld not load the defa
ult credentials. Brow
se to https://cloud.g
oogle.com/docs/authen
tication/getting-star
ted for more informat
ion.
