Loaded text length: 8906
[Fallback] Parsing Lines: 539
[Fallback] Found Point Section: ?ы뻾?듭떖?뺣낫
[Fallback] Found Point Section: ?곹뭹 ?듭떖 ?ъ씤??[Fallback] Found Point Section: ?곹뭹 POINT
[Fallback] Found Point Section: ?곹뭹 POINT
[Fallback] End Point Section: ?ы븿/遺덊룷???ы빆
--- Verification ---
Title: [?몄눥???명똻+?몄샃???좊え??遺?섏펲?명븨+留덉궗吏] 留덈굹???ы룷?몄툩BY?먮씪???꾨━誘몄뼱 ?붾윮???⑤럭 3諛???Features: ?명똻, ?몄눥?? ?몄샃?? ?먯쑀?쇱젙?ы븿
Hashtags: ""
KeyPoints Count: 8
First KeyPoint: 1,349,000 ??Formatted has hashtags? false
